[INFO]:  parseTradeSuccesfully: 01
[INFO]:  parseTradeSuccesfully: 01
[ERROR]: NoExitValue: 00
[INFO]:  parseTradeSuccesfully: 01
[INFO]:  parseTradeSuccesfully: 01
[INFO]:  parseTradeSuccesfully: 01
[ERROR]: NoExitValue: 00
[ERROR]: NoExitValue: 00
[INFO]:  parseTradeSuccesfully: 01
[ERROR]: NoExitValue: 00
[INFO]:  parseTradeSuccesfully: 01
[ERROR]: NoAtrValue: 00
[ERROR]: NoExitValue: 00
[ERROR]: NoExitValue: 00
[INFO]:  parseTradeSuccesfully: 01
[ERROR]: NoExitValue: 00
[INFO]:  parseTradeSuccesfully: 01
[ERROR]: NoVWapValue: 00
[INFO]:  parseTradeSuccesfully: 01
[INFO]:  parseTradeSuccesfully: 01
[ERROR]: NoExitValue: 00
[INFO]:  parseTradeSuccesfully: 01
[INFO]:  parseTradeSuccesfully: 01
[INFO]:  parseTradeSuccesfully: 01
[INFO]:  parseTradeSuccesfully: 01
[INFO]:  parseTradeSuccesfully: 01
[INFO]:  parseTradeSuccesfully: 01
[ERROR]: NoEntryValue: 00
[INFO]:  parseTradeSuccesfully: 01
[INFO]:  parseTradeSuccesfully: 01
[INFO]:  parseTradeSuccesfully: 01
[ERROR]: NoExitValue: 00
[INFO]:  parseTradeSuccesfully: 01
[ERROR]: NoExitValue: 00
[ERROR]: NoExitValue: 00
[INFO]:  parseTradeSuccesfully: 01
[INFO]:  parseTradeSuccesfully: 01
[INFO]:  parseTradeSuccesfully: 01
[ERROR]: NoExitValue: 00
[INFO]:  parseTradeSuccesfully: 01
[INFO]:  parseTradeSuccesfully: 01
[INFO]:  parseTradeSuccesfully: 01
[ERROR]: NoStopValue: 00
[ERROR]: NoEquityValue: 00
[INFO]:  parseTradeSuccesfully: 01
[INFO]:  parseTradeSuccesfully: 01
[INFO]:  parseTradeSuccesfully: 01
[INFO]:  parseTradeSuccesfully: 01
[INFO]:  parseTradeSuccesfully: 01
[INFO]:  parseTradeSuccesfully: 01
[INFO]:  parseTradeSuccesfully: 01
[ERROR]: NoSlippageValue: 00
[ERROR]: NoEquityValue: 00
[INFO]:  parseTradeSuccesfully: 01
[INFO]:  parseTradeSuccesfully: 01
[INFO]:  parseTradeSuccesfully: 01
[ERROR]: NoExitValue: 00
[INFO]:  parseTradeSuccesfully: 01
[ERROR]: NoVWapValue: 00
[ERROR]: NoEquityValue: 00
[INFO]:  parseTradeSuccesfully: 01
[INFO]:  parseTradeSuccesfully: 01
[INFO]:  parseTradeSuccesfully: 01
[ERROR]: NoExitValue: 00
[INFO]:  parseTradeSuccesfully: 01
[INFO]:  parseTradeSuccesfully: 01
[INFO]:  parseTradeSuccesfully: 01
[ERROR]: NoVWapValue: 00
[INFO]:  parseTradeSuccesfully: 01
[ERROR]: NoEntryValue: 00
[INFO]:  parseTradeSuccesfully: 01
[INFO]:  parseTradeSuccesfully: 01
[ERROR]: NoExitValue: 00
[INFO]:  parseTradeSuccesfully: 01
[ERROR]: NoExitValue: 00
[INFO]:  parseTradeSuccesfully: 01
[ERROR]: NoEquityValue: 00
[ERROR]: NoExitValue: 00
[INFO]:  parseTradeSuccesfully: 01
[INFO]:  parseTradeSuccesfully: 01
[INFO]:  parseTradeSuccesfully: 01
[ERROR]: NoExitValue: 00
[INFO]:  parseTradeSuccesfully: 01
[INFO]:  parseTradeSuccesfully: 01
[INFO]:  parseTradeSuccesfully: 01
[ERROR]: NoAtrValue: 00
[INFO]:  parseTradeSuccesfully: 01
[ERROR]: NoEquityValue: 00
[INFO]:  parseTradeSuccesfully: 01
[ERROR]: NoExitValue: 00
[INFO]:  parseTradeSuccesfully: 01
[INFO]:  parseTradeSuccesfully: 01
[INFO]:  parseTradeSuccesfully: 01
[ERROR]: NoExitValue: 00
[ERROR]: NoEquityValue: 00
[INFO]:  parseTradeSuccesfully: 01
[INFO]:  parseTradeSuccesfully: 01
[INFO]:  parseTradeSuccesfully: 01
[INFO]:  parseTradeSuccesfully: 01
[INFO]:  parseTradeSuccesfully: 01
[INFO]:  parseTradeSuccesfully: 01
[INFO]:  parseTradeSuccesfully: 01
[INFO]:  parseTradeSuccesfully: 01
[ERROR]: NoEntryValue: 00
[INFO]:  parseTradeSuccesfully: 01
[ERROR]: NoExitValue: 00
[ERROR]: NoAtrValue: 00
[ERROR]: NoAtrValue: 00
[ERROR]: NoExitValue: 00
[ERROR]: NoVWapValue: 00
[INFO]:  parseTradeSuccesfully: 01
[INFO]:  parseTradeSuccesfully: 01
[INFO]:  parseTradeSuccesfully: 01
[ERROR]: NoEquityValue: 00
[ERROR]: NoExitValue: 00
[INFO]:  parseTradeSuccesfully: 01
[INFO]:  parseTradeSuccesfully: 01
[INFO]:  parseTradeSuccesfully: 01
[ERROR]: NoExitValue: 00
[ERROR]: NoExitValue: 00
[ERROR]: NoQuantityValue: 00
[INFO]:  parseTradeSuccesfully: 01
[INFO]:  parseTradeSuccesfully: 01
[INFO]:  parseTradeSuccesfully: 01
[ERROR]: NoEntryValue: 00
[INFO]:  parseTradeSuccesfully: 01
[INFO]:  parseTradeSuccesfully: 01
[INFO]:  parseTradeSuccesfully: 01
[INFO]:  parseTradeSuccesfully: 01
[INFO]:  parseTradeSuccesfully: 01
[ERROR]: NoAtrValue: 00
[ERROR]: NoAtrValue: 00
[ERROR]: NoExitValue: 00
[ERROR]: NoEquityValue: 00
[ERROR]: NoExitValue: 00
[INFO]:  parseTradeSuccesfully: 01
[INFO]:  parseTradeSuccesfully: 01
[ERROR]: NoEntryValue: 00
[ERROR]: NoSlippageValue: 00
[ERROR]: NoExitValue: 00
[INFO]:  parseTradeSuccesfully: 01
[INFO]:  parseTradeSuccesfully: 01
[INFO]:  parseTradeSuccesfully: 01
[ERROR]: NoExitValue: 00
[ERROR]: NoExitValue: 00
[INFO]:  parseTradeSuccesfully: 01
[INFO]:  parseTradeSuccesfully: 01
[ERROR]: NoFeesValue: 00
[INFO]:  parseTradeSuccesfully: 01
[INFO]:  parseTradeSuccesfully: 01
[INFO]:  parseTradeSuccesfully: 01
[INFO]:  parseTradeSuccesfully: 01
[INFO]:  parseTradeSuccesfully: 01
[INFO]:  parseTradeSuccesfully: 01
[ERROR]: NoVWapValue: 00
[ERROR]: NoStopValue: 00
[INFO]:  parseTradeSuccesfully: 01
[INFO]:  parseTradeSuccesfully: 01
[ERROR]: NoExitValue: 00
[INFO]:  parseTradeSuccesfully: 01
[ERROR]: NoExitValue: 00
[ERROR]: NoEntryValue: 00
[ERROR]: NoExitValue: 00
[INFO]:  parseTradeSuccesfully: 01
[INFO]:  parseTradeSuccesfully: 01
[INFO]:  parseTradeSuccesfully: 01
[INFO]:  parseTradeSuccesfully: 01
[INFO]:  parseTradeSuccesfully: 01
[INFO]:  parseTradeSuccesfully: 01
[INFO]:  parseTradeSuccesfully: 01
[ERROR]: NoRR_PlanValue: 00
[ERROR]: NoExitValue: 00
[INFO]:  parseTradeSuccesfully: 01
[INFO]:  parseTradeSuccesfully: 01
[ERROR]: NoExitValue: 00
[INFO]:  parseTradeSuccesfully: 01
[INFO]:  parseTradeSuccesfully: 01
[INFO]:  parseTradeSuccesfully: 01
[INFO]:  parseTradeSuccesfully: 01
[INFO]:  parseTradeSuccesfully: 01
[INFO]:  parseTradeSuccesfully: 01
[INFO]:  parseTradeSuccesfully: 01
[INFO]:  parseTradeSuccesfully: 01
[INFO]:  parseTradeSuccesfully: 01
[INFO]:  parseTradeSuccesfully: 01
[INFO]:  parseTradeSuccesfully: 01
[ERROR]: NoExitValue: 00
[INFO]:  parseTradeSuccesfully: 01
[INFO]:  parseTradeSuccesfully: 01
[INFO]:  parseTradeSuccesfully: 01
[INFO]:  parseTradeSuccesfully: 01
[INFO]:  parseTradeSuccesfully: 01
[INFO]:  parseTradeSuccesfully: 01
[INFO]:  parseTradeSuccesfully: 01
[INFO]:  parseTradeSuccesfully: 01
[INFO]:  parseTradeSuccesfully: 01
[ERROR]: NoExitValue: 00
[INFO]:  parseTradeSuccesfully: 01
[INFO]:  parseTradeSuccesfully: 01
[INFO]:  parseTradeSuccesfully: 01
[ERROR]: NoExitValue: 00
[ERROR]: NoExitValue: 00
[ERROR]: NoExitValue: 00
[INFO]:  parseTradeSuccesfully: 01
[ERROR]: NoExitValue: 00
[INFO]:  parseTradeSuccesfully: 01
[INFO]:  parseTradeSuccesfully: 01
[ERROR]: NoExitValue: 00
[INFO]:  parseTradeSuccesfully: 01
[INFO]:  parseTradeSuccesfully: 01
[INFO]:  parseTradeSuccesfully: 01
[INFO]:  parseTradeSuccesfully: 01
[INFO]:  parseTradeSuccesfully: 01
[INFO]:  parseTradeSuccesfully: 01
[INFO]:  parseTradeSuccesfully: 01
[ERROR]: NoExitValue: 00
[INFO]:  parseTradeSuccesfully: 01
[INFO]:  parseTradeSuccesfully: 01
[INFO]:  parseTradeSuccesfully: 01
[INFO]:  parseTradeSuccesfully: 01
[INFO]:  parseTradeSuccesfully: 01
[INFO]:  parseTradeSuccesfully: 01
[INFO]:  parseTradeSuccesfully: 01
[INFO]:  parseTradeSuccesfully: 01
[INFO]:  parseTradeSuccesfully: 01
[INFO]:  parseTradeSuccesfully: 01
[INFO]:  parseTradeSuccesfully: 01
[INFO]:  parseTradeSuccesfully: 01
[INFO]:  parseTradeSuccesfully: 01
[INFO]:  parseTradeSuccesfully: 01
[ERROR]: NoExitValue: 00
[INFO]:  parseTradeSuccesfully: 01
[INFO]:  parseTradeSuccesfully: 01
[ERROR]: NoExitValue: 00
[INFO]:  parseTradeSuccesfully: 01
[INFO]:  parseTradeSuccesfully: 01
[INFO]:  parseTradeSuccesfully: 01
[INFO]:  parseTradeSuccesfully: 01
[INFO]:  parseTradeSuccesfully: 01
[INFO]:  parseTradeSuccesfully: 01
[INFO]:  parseTradeSuccesfully: 01
[ERROR]: NoExitValue: 00
[INFO]:  parseTradeSuccesfully: 01
[INFO]:  parseTradeSuccesfully: 01
[INFO]:  parseTradeSuccesfully: 01
[ERROR]: NoExitValue: 00
[INFO]:  parseTradeSuccesfully: 01
[INFO]:  parseTradeSuccesfully: 01
[INFO]:  parseTradeSuccesfully: 01
[INFO]:  parseTradeSuccesfully: 01
[ERROR]: NoExitValue: 00
[INFO]:  parseTradeSuccesfully: 01
[INFO]:  parseTradeSuccesfully: 01
[INFO]:  parseTradeSuccesfully: 01
[ERROR]: NoExitValue: 00
[INFO]:  parseTradeSuccesfully: 01
[INFO]:  parseTradeSuccesfully: 01
[ERROR]: NoExitValue: 00
[INFO]:  parseTradeSuccesfully: 01
[ERROR]: NoExitValue: 00
[INFO]:  parseTradeSuccesfully: 01
[INFO]:  parseTradeSuccesfully: 01
[ERROR]: NoExitValue: 00
[ERROR]: NoExitValue: 00
[INFO]:  parseTradeSuccesfully: 01
[ERROR]: NoExitValue: 00
[INFO]:  parseTradeSuccesfully: 01
[INFO]:  parseTradeSuccesfully: 01
[INFO]:  parseTradeSuccesfully: 01
[INFO]:  parseTradeSuccesfully: 01
[ERROR]: NoExitValue: 00
[INFO]:  parseTradeSuccesfully: 01
[ERROR]: NoExitValue: 00
[INFO]:  parseTradeSuccesfully: 01
[INFO]:  parseTradeSuccesfully: 01
[INFO]:  parseTradeSuccesfully: 01
[ERROR]: NoExitValue: 00
[INFO]:  parseTradeSuccesfully: 01
[INFO]:  parseTradeSuccesfully: 01
[INFO]:  parseTradeSuccesfully: 01
[INFO]:  parseTradeSuccesfully: 01
[INFO]:  parseTradeSuccesfully: 01
[INFO]:  parseTradeSuccesfully: 01
[INFO]:  parseTradeSuccesfully: 01
[INFO]:  parseTradeSuccesfully: 01
[INFO]:  parseTradeSuccesfully: 01
[INFO]:  parseTradeSuccesfully: 01
[INFO]:  parseTradeSuccesfully: 01
[INFO]:  parseTradeSuccesfully: 01
[INFO]:  parseTradeSuccesfully: 01
[INFO]:  parseTradeSuccesfully: 01
[ERROR]: NoExitValue: 00
[INFO]:  parseTradeSuccesfully: 01
[INFO]:  parseTradeSuccesfully: 01
[INFO]:  parseTradeSuccesfully: 01
[INFO]:  parseTradeSuccesfully: 01
[INFO]:  parseTradeSuccesfully: 01
[INFO]:  parseTradeSuccesfully: 01
[INFO]:  parseTradeSuccesfully: 01
[INFO]:  parseTradeSuccesfully: 01
[INFO]:  parseTradeSuccesfully: 01
[INFO]:  parseTradeSuccesfully: 01
[ERROR]: NoEquityValue: 00
[INFO]:  parseTradeSuccesfully: 01
[INFO]:  parseTradeSuccesfully: 01
[INFO]:  parseTradeSuccesfully: 01
[INFO]:  parseTradeSuccesfully: 01
[INFO]:  parseTradeSuccesfully: 01
[ERROR]: NoFeesValue: 00
[ERROR]: NoAtrValue: 00
[INFO]:  parseTradeSuccesfully: 01
[INFO]:  parseTradeSuccesfully: 01
[INFO]:  parseTradeSuccesfully: 01
[ERROR]: NoExitValue: 00
[INFO]:  parseTradeSuccesfully: 01
[INFO]:  parseTradeSuccesfully: 01
[ERROR]: NoEntryValue: 00
[INFO]:  parseTradeSuccesfully: 01
[INFO]:  parseTradeSuccesfully: 01
[ERROR]: NoEntryValue: 00
[ERROR]: NoExitValue: 00
[ERROR]: NoExitValue: 00
[INFO]:  parseTradeSuccesfully: 01
[ERROR]: NoStopValue: 00
[INFO]:  parseTradeSuccesfully: 01
[ERROR]: NoStopValue: 00
[ERROR]: NoExitValue: 00
[INFO]:  parseTradeSuccesfully: 01
[INFO]:  parseTradeSuccesfully: 01
[ERROR]: NoExitValue: 00
[ERROR]: NoExitValue: 00
[ERROR]: NoExitValue: 00
[ERROR]: NoExitValue: 00
[INFO]:  parseTradeSuccesfully: 01
[ERROR]: NoExitValue: 00
[INFO]:  parseTradeSuccesfully: 01
[ERROR]: NoExitValue: 00
[INFO]:  parseTradeSuccesfully: 01
[INFO]:  parseTradeSuccesfully: 01
[INFO]:  parseTradeSuccesfully: 01
[INFO]:  parseTradeSuccesfully: 01
[INFO]:  parseTradeSuccesfully: 01
[INFO]:  parseTradeSuccesfully: 01
[ERROR]: NoEntryValue: 00
[INFO]:  parseTradeSuccesfully: 01
[INFO]:  parseTradeSuccesfully: 01
[INFO]:  parseTradeSuccesfully: 01
[ERROR]: NoExitValue: 00
[INFO]:  parseTradeSuccesfully: 01
[ERROR]: NoSlippageValue: 00
[ERROR]: NoExitValue: 00
[INFO]:  parseTradeSuccesfully: 01
[ERROR]: NoExitValue: 00
[INFO]:  parseTradeSuccesfully: 01
[INFO]:  parseTradeSuccesfully: 01
[INFO]:  parseTradeSuccesfully: 01
[ERROR]: NoEquityValue: 00
[INFO]:  parseTradeSuccesfully: 01
[ERROR]: NoExitValue: 00
[INFO]:  parseTradeSuccesfully: 01
[INFO]:  parseTradeSuccesfully: 01
[INFO]:  parseTradeSuccesfully: 01
[INFO]:  parseTradeSuccesfully: 01
[ERROR]: NoExitValue: 00
[INFO]:  parseTradeSuccesfully: 01
[INFO]:  parseTradeSuccesfully: 01
[INFO]:  parseTradeSuccesfully: 01
[INFO]:  parseTradeSuccesfully: 01
[ERROR]: NoEntryValue: 00
[INFO]:  parseTradeSuccesfully: 01
[INFO]:  parseTradeSuccesfully: 01
[ERROR]: NoExitValue: 00
[ERROR]: NoEntryValue: 00
[ERROR]: NoExitValue: 00
[ERROR]: NoExitValue: 00
[ERROR]: NoExitValue: 00
[INFO]:  parseTradeSuccesfully: 01
[INFO]:  parseTradeSuccesfully: 01
[INFO]:  parseTradeSuccesfully: 01
[ERROR]: NoExitValue: 00
[INFO]:  parseTradeSuccesfully: 01
[ERROR]: NoExitValue: 00
[INFO]:  parseTradeSuccesfully: 01
[INFO]:  parseTradeSuccesfully: 01
[INFO]:  parseTradeSuccesfully: 01
[ERROR]: NoStopValue: 00
[ERROR]: NoEquityValue: 00
[INFO]:  parseTradeSuccesfully: 01
[INFO]:  parseTradeSuccesfully: 01
[INFO]:  parseTradeSuccesfully: 01
[INFO]:  parseTradeSuccesfully: 01
[ERROR]: NoExitValue: 00
[ERROR]: NoExitValue: 00
[INFO]:  parseTradeSuccesfully: 01
[INFO]:  parseTradeSuccesfully: 01
[INFO]:  parseTradeSuccesfully: 01
[ERROR]: NoExitValue: 00
[INFO]:  parseTradeSuccesfully: 01
[INFO]:  parseTradeSuccesfully: 01
[INFO]:  parseTradeSuccesfully: 01
[INFO]:  parseTradeSuccesfully: 01
[ERROR]: NoEntryValue: 00
[INFO]:  parseTradeSuccesfully: 01
[ERROR]: NoExitValue: 00
[INFO]:  parseTradeSuccesfully: 01
[ERROR]: NoExitValue: 00
[ERROR]: NoExitValue: 00
[INFO]:  parseTradeSuccesfully: 01
[ERROR]: NoEntryValue: 00
[INFO]:  parseTradeSuccesfully: 01
[INFO]:  parseTradeSuccesfully: 01
[INFO]:  parseTradeSuccesfully: 01
[INFO]:  parseTradeSuccesfully: 01
[INFO]:  parseTradeSuccesfully: 01
[INFO]:  parseTradeSuccesfully: 01
[INFO]:  parseTradeSuccesfully: 01
[INFO]:  parseTradeSuccesfully: 01
[INFO]:  parseTradeSuccesfully: 01
[ERROR]: NoExitValue: 00
[INFO]:  parseTradeSuccesfully: 01
[INFO]:  parseTradeSuccesfully: 01
[INFO]:  parseTradeSuccesfully: 01
[ERROR]: NoExitValue: 00
[ERROR]: NoSlippageValue: 00
[INFO]:  parseTradeSuccesfully: 01
[INFO]:  parseTradeSuccesfully: 01
[INFO]:  parseTradeSuccesfully: 01
[ERROR]: NoExitValue: 00
[INFO]:  parseTradeSuccesfully: 01
[INFO]:  parseTradeSuccesfully: 01
[INFO]:  parseTradeSuccesfully: 01
[INFO]:  parseTradeSuccesfully: 01
[ERROR]: NoExitValue: 00
[INFO]:  parseTradeSuccesfully: 01
[INFO]:  parseTradeSuccesfully: 01
[ERROR]: NoExitValue: 00
[INFO]:  parseTradeSuccesfully: 01
[INFO]:  parseTradeSuccesfully: 01
[ERROR]: NoExitValue: 00
[INFO]:  parseTradeSuccesfully: 01
[ERROR]: NoExitValue: 00
[INFO]:  parseTradeSuccesfully: 01
[INFO]:  parseTradeSuccesfully: 01
[INFO]:  parseTradeSuccesfully: 01
[INFO]:  parseTradeSuccesfully: 01
[INFO]:  parseTradeSuccesfully: 01
[INFO]:  parseTradeSuccesfully: 01
[ERROR]: NoExitValue: 00
[INFO]:  parseTradeSuccesfully: 01
[INFO]:  parseTradeSuccesfully: 01
[INFO]:  parseTradeSuccesfully: 01
[INFO]:  parseTradeSuccesfully: 01
[INFO]:  parseTradeSuccesfully: 01
[INFO]:  parseTradeSuccesfully: 01
[ERROR]: NoExitValue: 00
[INFO]:  parseTradeSuccesfully: 01
[ERROR]: NoExitValue: 00
[INFO]:  parseTradeSuccesfully: 01
[ERROR]: NoExitValue: 00
[ERROR]: NoExitValue: 00
[INFO]:  parseTradeSuccesfully: 01
[ERROR]: NoExitValue: 00
[INFO]:  parseTradeSuccesfully: 01
[INFO]:  parseTradeSuccesfully: 01
[INFO]:  parseTradeSuccesfully: 01
[ERROR]: NoExitValue: 00
[INFO]:  parseTradeSuccesfully: 01
[INFO]:  parseTradeSuccesfully: 01
[INFO]:  parseTradeSuccesfully: 01
[ERROR]: NoQuantityValue: 00
[INFO]:  parseTradeSuccesfully: 01
[INFO]:  parseTradeSuccesfully: 01
[ERROR]: NoExitValue: 00
[INFO]:  parseTradeSuccesfully: 01
[INFO]:  parseTradeSuccesfully: 01
[ERROR]: NoFeesValue: 00
[INFO]:  parseTradeSuccesfully: 01
[ERROR]: NoExitValue: 00
[ERROR]: NoExitValue: 00
[INFO]:  parseTradeSuccesfully: 01
[INFO]:  parseTradeSuccesfully: 01
[ERROR]: NoExitValue: 00
[INFO]:  parseTradeSuccesfully: 01
[INFO]:  parseTradeSuccesfully: 01
[INFO]:  parseTradeSuccesfully: 01
[ERROR]: NoExitValue: 00
[INFO]:  parseTradeSuccesfully: 01
[INFO]:  parseTradeSuccesfully: 01
[INFO]:  parseTradeSuccesfully: 01
[INFO]:  parseTradeSuccesfully: 01
[INFO]:  parseTradeSuccesfully: 01
[INFO]:  parseTradeSuccesfully: 01
[INFO]:  parseTradeSuccesfully: 01
[INFO]:  parseTradeSuccesfully: 01
[INFO]:  parseTradeSuccesfully: 01
[INFO]:  parseTradeSuccesfully: 01
[INFO]:  parseTradeSuccesfully: 01
[ERROR]: NoExitValue: 00
[INFO]:  parseTradeSuccesfully: 01
[INFO]:  parseTradeSuccesfully: 01
