  Config.cpp
  CSVReader.cpp
C:\Users\yahav\source\repos\templateProj\templateProj\include\Trade.h(32,7): warning C4244: 'initializing': conversion from 'int64_t' to 'const double', possible loss of data
  (compiling source file 'src/CSVReader.cpp')
  
C:\Users\yahav\source\repos\templateProj\templateProj\include\Trade.h(33,8): warning C4244: 'initializing': conversion from 'double' to 'int64_t', possible loss of data
  (compiling source file 'src/CSVReader.cpp')
  
C:\Users\yahav\source\repos\templateProj\templateProj\include\Trade.h(34,7): warning C4244: 'initializing': conversion from 'double' to 'int64_t', possible loss of data
  (compiling source file 'src/CSVReader.cpp')
  
C:\Users\yahav\source\repos\templateProj\templateProj\include\Trade.h(35,11): warning C4244: 'initializing': conversion from 'double' to 'int64_t', possible loss of data
  (compiling source file 'src/CSVReader.cpp')
  
C:\Users\yahav\source\repos\templateProj\templateProj\include\Trade.h(36,9): warning C4244: 'initializing': conversion from 'double' to 'int64_t', possible loss of data
  (compiling source file 'src/CSVReader.cpp')
  
C:\Users\yahav\source\repos\templateProj\templateProj\include\Trade.h(37,6): warning C4244: 'initializing': conversion from 'double' to 'int64_t', possible loss of data
  (compiling source file 'src/CSVReader.cpp')
  
C:\Users\yahav\source\repos\templateProj\templateProj\include\Trade.h(44,6): warning C4244: 'initializing': conversion from 'double' to 'int64_t', possible loss of data
  (compiling source file 'src/CSVReader.cpp')
  
C:\Users\yahav\source\repos\templateProj\templateProj\include\Trade.h(60,47): warning C4244: '=': conversion from 'double' to 'int', possible loss of data
  (compiling source file 'src/CSVReader.cpp')
  
  Logger.cpp
  PostrgeSQL.cpp
C:\Users\yahav\source\repos\templateProj\templateProj\include\Trade.h(32,7): warning C4244: 'initializing': conversion from 'int64_t' to 'const double', possible loss of data
  (compiling source file 'src/PostrgeSQL.cpp')
  
C:\Users\yahav\source\repos\templateProj\templateProj\include\Trade.h(33,8): warning C4244: 'initializing': conversion from 'double' to 'int64_t', possible loss of data
  (compiling source file 'src/PostrgeSQL.cpp')
  
C:\Users\yahav\source\repos\templateProj\templateProj\include\Trade.h(34,7): warning C4244: 'initializing': conversion from 'double' to 'int64_t', possible loss of data
  (compiling source file 'src/PostrgeSQL.cpp')
  
C:\Users\yahav\source\repos\templateProj\templateProj\include\Trade.h(35,11): warning C4244: 'initializing': conversion from 'double' to 'int64_t', possible loss of data
  (compiling source file 'src/PostrgeSQL.cpp')
  
C:\Users\yahav\source\repos\templateProj\templateProj\include\Trade.h(36,9): warning C4244: 'initializing': conversion from 'double' to 'int64_t', possible loss of data
  (compiling source file 'src/PostrgeSQL.cpp')
  
C:\Users\yahav\source\repos\templateProj\templateProj\include\Trade.h(37,6): warning C4244: 'initializing': conversion from 'double' to 'int64_t', possible loss of data
  (compiling source file 'src/PostrgeSQL.cpp')
  
C:\Users\yahav\source\repos\templateProj\templateProj\include\Trade.h(44,6): warning C4244: 'initializing': conversion from 'double' to 'int64_t', possible loss of data
  (compiling source file 'src/PostrgeSQL.cpp')
  
C:\Users\yahav\source\repos\templateProj\templateProj\include\Trade.h(60,47): warning C4244: '=': conversion from 'double' to 'int', possible loss of data
  (compiling source file 'src/PostrgeSQL.cpp')
  
  Trade.cpp
C:\Users\yahav\source\repos\templateProj\templateProj\include\Trade.h(32,7): warning C4244: 'initializing': conversion from 'int64_t' to 'const double', possible loss of data
  (compiling source file 'src/Trade.cpp')
  
C:\Users\yahav\source\repos\templateProj\templateProj\include\Trade.h(33,8): warning C4244: 'initializing': conversion from 'double' to 'int64_t', possible loss of data
  (compiling source file 'src/Trade.cpp')
  
C:\Users\yahav\source\repos\templateProj\templateProj\include\Trade.h(34,7): warning C4244: 'initializing': conversion from 'double' to 'int64_t', possible loss of data
  (compiling source file 'src/Trade.cpp')
  
C:\Users\yahav\source\repos\templateProj\templateProj\include\Trade.h(35,11): warning C4244: 'initializing': conversion from 'double' to 'int64_t', possible loss of data
  (compiling source file 'src/Trade.cpp')
  
C:\Users\yahav\source\repos\templateProj\templateProj\include\Trade.h(36,9): warning C4244: 'initializing': conversion from 'double' to 'int64_t', possible loss of data
  (compiling source file 'src/Trade.cpp')
  
C:\Users\yahav\source\repos\templateProj\templateProj\include\Trade.h(37,6): warning C4244: 'initializing': conversion from 'double' to 'int64_t', possible loss of data
  (compiling source file 'src/Trade.cpp')
  
C:\Users\yahav\source\repos\templateProj\templateProj\include\Trade.h(44,6): warning C4244: 'initializing': conversion from 'double' to 'int64_t', possible loss of data
  (compiling source file 'src/Trade.cpp')
  
C:\Users\yahav\source\repos\templateProj\templateProj\include\Trade.h(60,47): warning C4244: '=': conversion from 'double' to 'int', possible loss of data
  (compiling source file 'src/Trade.cpp')
  
  TradeAnalyzer.cpp
C:\Users\yahav\source\repos\templateProj\templateProj\include\Trade.h(32,7): warning C4244: 'initializing': conversion from 'int64_t' to 'const double', possible loss of data
  (compiling source file 'src/TradeAnalyzer.cpp')
  
C:\Users\yahav\source\repos\templateProj\templateProj\include\Trade.h(33,8): warning C4244: 'initializing': conversion from 'double' to 'int64_t', possible loss of data
  (compiling source file 'src/TradeAnalyzer.cpp')
  
C:\Users\yahav\source\repos\templateProj\templateProj\include\Trade.h(34,7): warning C4244: 'initializing': conversion from 'double' to 'int64_t', possible loss of data
  (compiling source file 'src/TradeAnalyzer.cpp')
  
C:\Users\yahav\source\repos\templateProj\templateProj\include\Trade.h(35,11): warning C4244: 'initializing': conversion from 'double' to 'int64_t', possible loss of data
  (compiling source file 'src/TradeAnalyzer.cpp')
  
C:\Users\yahav\source\repos\templateProj\templateProj\include\Trade.h(36,9): warning C4244: 'initializing': conversion from 'double' to 'int64_t', possible loss of data
  (compiling source file 'src/TradeAnalyzer.cpp')
  
C:\Users\yahav\source\repos\templateProj\templateProj\include\Trade.h(37,6): warning C4244: 'initializing': conversion from 'double' to 'int64_t', possible loss of data
  (compiling source file 'src/TradeAnalyzer.cpp')
  
C:\Users\yahav\source\repos\templateProj\templateProj\include\Trade.h(44,6): warning C4244: 'initializing': conversion from 'double' to 'int64_t', possible loss of data
  (compiling source file 'src/TradeAnalyzer.cpp')
  
C:\Users\yahav\source\repos\templateProj\templateProj\include\Trade.h(60,47): warning C4244: '=': conversion from 'double' to 'int', possible loss of data
  (compiling source file 'src/TradeAnalyzer.cpp')
  
C:\Users\yahav\source\repos\templateProj\templateProj\src\TradeAnalyzer.cpp(91,26): warning C4244: 'return': conversion from 'double' to 'int', possible loss of data
  Generating Code...
  templateProj.vcxproj -> C:\Users\yahav\source\repos\templateProj\x64\Debug\templateProj.exe
  'pwsh.exe' is not recognized as an internal or external command,
  operable program or batch file.
